[nsdbytes.com/template/osam/index.html]
[nsdbytes.com/template/osam/favicon.ico]
[backblue.gif]
[fade.gif]
[index.html]
[nsdbytes.com/template/osam/light/index.html]
[nsdbytes.com/cdn-cgi/scripts/7d0fa10a/cloudflare-static/rocket-loader.min.js]
[nsdbytes.com/template/osam/index.html]
[nsdbytes.com/template/osam/favicon.html]
[static.cloudflareinsights.com/beacon.min.js]
[nsdbytes.com/template/osam/light/favicon.ico]
[nsdbytes.com/template/osam/assets/vendor/bootstrap/css/bootstrap.min.css]
[nsdbytes.com/template/osam/assets/vendor/font-awesome/css/font-awesome.min.css]
[nsdbytes.com/template/osam/assets/vendor/animate-css/vivify.min.css]
[nsdbytes.com/template/osam/assets/vendor/c3/c3.min.css]
[nsdbytes.com/template/osam/assets/vendor/chartist/css/chartist.css]
[nsdbytes.com/template/osam/assets/vendor/chartist-plugin-tooltip/chartist-plugin-tooltip.css]
[nsdbytes.com/template/osam/assets/vendor/toastr/toastr.min.css]
[nsdbytes.com/template/osam/assets/vendor/jvectormap/jquery-jvectormap-2.0.3.css]
[nsdbytes.com/template/osam/light/assets/css/site.min.css]
[nsdbytes.com/template/osam/assets/images/icon.svg]
[nsdbytes.com/template/osam/light/page-social.html]
[nsdbytes.com/template/osam/light/page-news.html]
[nsdbytes.com/template/osam/assets/images/xs/avatar4.jpg]
[nsdbytes.com/template/osam/assets/images/xs/avatar1.jpg]
[nsdbytes.com/template/osam/assets/images/xs/avatar5.jpg]
[nsdbytes.com/template/osam/assets/images/xs/avatar2.jpg]
[nsdbytes.com/template/osam/light/page-login.html]
[nsdbytes.com/template/osam/assets/images/image-gallery/7.jpg]
[nsdbytes.com/template/osam/assets/images/image-gallery/8.jpg]
[nsdbytes.com/template/osam/assets/images/image-gallery/9.jpg]
[nsdbytes.com/template/osam/assets/images/xs/avatar3.jpg]
[nsdbytes.com/template/osam/assets/images/user.png]
[nsdbytes.com/template/osam/light/page-profile.html]
[nsdbytes.com/template/osam/light/app-inbox.html]
[nsdbytes.com/template/osam/dark/index.html]
[nsdbytes.com/template/osam/fluid/index.html]
[nsdbytes.com/template/osam/hmenu/index.html]
[nsdbytes.com/template/osam/landing/index.html]
[nsdbytes.com/template/osam/light/app-chat.html]
[nsdbytes.com/template/osam/light/app-calendar.html]
[nsdbytes.com/template/osam/light/ui-helper-class.html]
[nsdbytes.com/template/osam/light/ui-bootstrap.html]
[nsdbytes.com/template/osam/light/ui-typography.html]
[nsdbytes.com/template/osam/light/ui-tabs.html]
[nsdbytes.com/template/osam/light/ui-buttons.html]
[nsdbytes.com/template/osam/light/ui-icons.html]
[nsdbytes.com/template/osam/light/ui-notifications.html]
[nsdbytes.com/template/osam/light/ui-colors.html]
[nsdbytes.com/template/osam/light/ui-dialogs.html]
[nsdbytes.com/template/osam/light/ui-list-group.html]
[nsdbytes.com/template/osam/light/ui-media-object.html]
[nsdbytes.com/template/osam/light/ui-modals.html]
[nsdbytes.com/template/osam/light/ui-nestable.html]
[nsdbytes.com/template/osam/light/ui-progressbars.html]
[nsdbytes.com/template/osam/light/ui-range-sliders.html]
[nsdbytes.com/template/osam/light/forms-basic.html]
[nsdbytes.com/template/osam/light/forms-advanced.html]
[nsdbytes.com/template/osam/light/forms-validation.html]
[nsdbytes.com/template/osam/light/forms-wizard.html]
[nsdbytes.com/template/osam/light/forms-dragdropupload.html]
[nsdbytes.com/template/osam/light/forms-cropping.html]
[nsdbytes.com/template/osam/light/forms-summernote.html]
[nsdbytes.com/template/osam/light/forms-editors.html]
[nsdbytes.com/template/osam/light/forms-markdown.html]
[nsdbytes.com/template/osam/light/table-normal.html]
[nsdbytes.com/template/osam/light/table-jquery-datatable.html]
[nsdbytes.com/template/osam/light/table-editable.html]
[nsdbytes.com/template/osam/light/table-color.html]
[nsdbytes.com/template/osam/light/table-filter.html]
[nsdbytes.com/template/osam/light/table-dragger.html]
[nsdbytes.com/template/osam/light/chart-c3.html]
[nsdbytes.com/template/osam/light/chart-morris.html]
[nsdbytes.com/template/osam/light/chart-flot.html]
[nsdbytes.com/template/osam/light/chart-chartjs.html]
[nsdbytes.com/template/osam/light/chart-jquery-knob.html]
[nsdbytes.com/template/osam/light/chart-sparkline.html]
[nsdbytes.com/template/osam/light/widgets.html]
[nsdbytes.com/template/osam/light/page-register.html]
[nsdbytes.com/template/osam/light/page-forgot-password.html]
[nsdbytes.com/template/osam/light/page-404.html]
[nsdbytes.com/template/osam/light/page-blank.html]
[nsdbytes.com/template/osam/light/page-search-results.html]
[nsdbytes.com/template/osam/light/page-invoices.html]
[nsdbytes.com/template/osam/light/page-gallery.html]
[nsdbytes.com/template/osam/light/page-timeline.html]
[nsdbytes.com/template/osam/light/page-pricing.html]
[nsdbytes.com/template/osam/light/map-jvectormap.html]
[nsdbytes.com/template/osam/assets/images/xs/avatar10.jpg]
[nsdbytes.com/template/osam/light/assets/bundles/libscripts.bundle.js]
[nsdbytes.com/template/osam/light/assets/bundles/vendorscripts.bundle.js]
[nsdbytes.com/template/osam/light/assets/bundles/jvectormap.bundle.js]
[nsdbytes.com/template/osam/assets/vendor/toastr/toastr.js]
[nsdbytes.com/template/osam/light/assets/bundles/mainscripts.bundle.js]
[nsdbytes.com/template/osam/light/index.html]
[nsdbytes.com/template/osam/assets/vendor/bootstrap/css/bootstrap.min.css]
[nsdbytes.com/template/osam/light/assets/js/index.js]
[nsdbytes.com/template/osam/assets/vendor/font-awesome/fonts/fontawesome-webfont3e6e.eot]
[nsdbytes.com/template/osam/assets/vendor/font-awesome/fonts/fontawesome-webfontd41d.eot]
[nsdbytes.com/template/osam/assets/vendor/font-awesome/fonts/fontawesome-webfont3e6e.woff2]
[nsdbytes.com/template/osam/assets/vendor/font-awesome/fonts/fontawesome-webfont3e6e.woff]
[nsdbytes.com/template/osam/assets/vendor/font-awesome/fonts/fontawesome-webfont3e6e.ttf]
[nsdbytes.com/template/osam/assets/vendor/font-awesome/css/font-awesome.min.css]
[nsdbytes.com/template/osam/assets/vendor/animate-css/vivify.min.css]
[nsdbytes.com/template/osam/assets/vendor/c3/c3.min.css]
[nsdbytes.com/template/osam/assets/vendor/chartist/css/chartist.css]
[nsdbytes.com/template/osam/assets/vendor/chartist-plugin-tooltip/chartist-plugin-tooltip.css]
[nsdbytes.com/template/osam/assets/vendor/toastr/toastr.min.css]
[nsdbytes.com/template/osam/assets/vendor/jvectormap/jquery-jvectormap-2.0.3.css]
[nsdbytes.com/template/osam/assets/vendor/font-awesome/fonts/fontawesome-webfont3e6e.svg]
[nsdbytes.com/template/osam/light/assets/fonts/simple-Line-Icons.eot]
[nsdbytes.com/template/osam/light/assets/fonts/simple-Line-Icons.woff]
[nsdbytes.com/template/osam/light/assets/fonts/simple-Line-Icons.ttf]
[nsdbytes.com/template/osam/light/assets/fonts/simple-Line-Icons.svg]
[nsdbytes.com/template/osam/light/assets/fonts/weathericons-regular-webfont.eot]
[nsdbytes.com/template/osam/light/assets/fonts/weathericons-regular-webfontd41d.eot]
[nsdbytes.com/template/osam/light/assets/fonts/weathericons-regular-webfont.woff]
[nsdbytes.com/template/osam/light/assets/fonts/weathericons-regular-webfont.ttf]
[nsdbytes.com/template/osam/light/assets/fonts/weathericons-regular-webfont.svg]
[nsdbytes.com/template/osam/assets/images/image-gallery/12.jpg]
[nsdbytes.com/template/osam/light/assets/css/site.min.css]
[nsdbytes.com/template/osam/assets/images/icon.svg]
[nsdbytes.com/template/osam/assets/images/user-small.png]
[nsdbytes.com/template/osam/assets/images/image-gallery/2.jpg]
[nsdbytes.com/template/osam/assets/images/image-gallery/3.jpg]
[nsdbytes.com/template/osam/assets/images/image-gallery/4.jpg]
[nsdbytes.com/template/osam/assets/images/image-gallery/6.jpg]
[nsdbytes.com/template/osam/assets/images/image-gallery/1.jpg]
[nsdbytes.com/template/osam/assets/images/xs/avatar8.jpg]
[nsdbytes.com/template/osam/assets/images/xs/avatar6.jpg]
[nsdbytes.com/template/osam/assets/images/xs/avatar7.jpg]
[nsdbytes.com/cdn-cgi/scripts/5c5dd728/cloudflare-static/email-decode.min.js]
[nsdbytes.com/template/osam/assets/vendor/particlesjs/particles.min.js]
[nsdbytes.com/template/osam/light/page-social.html]
[nsdbytes.com/template/osam/light/assets/js/pages/particlesjs.js]
[nsdbytes.com/template/osam/assets/images/news/news1.jpg]
[nsdbytes.com/template/osam/assets/images/news/news2.jpg]
[nsdbytes.com/template/osam/assets/images/news/news4.jpg]
[nsdbytes.com/template/osam/assets/images/image-gallery/15.jpg]
[nsdbytes.com/template/osam/assets/images/news/news6.jpg]
[nsdbytes.com/template/osam/assets/images/news/news10.jpg]
[nsdbytes.com/template/osam/assets/images/news/news9.jpg]
[nsdbytes.com/template/osam/assets/images/image-gallery/10.jpg]
[nsdbytes.com/template/osam/assets/images/news/news5.jpg]
[nsdbytes.com/template/osam/assets/images/news/news8.jpg]
[nsdbytes.com/template/osam/assets/images/news/news7.jpg]
[nsdbytes.com/template/osam/assets/images/news/news3.jpg]
[nsdbytes.com/template/osam/light/page-news.html]
[nsdbytes.com/template/osam/light/page-login.html]
[nsdbytes.com/template/osam/assets/vendor/bootstrap-datepicker/css/bootstrap-datepicker3.min.css]
[nsdbytes.com/template/osam/assets/vendor/bootstrap-datepicker/js/bootstrap-datepicker.min.js]
[nsdbytes.com/template/osam/light/page-profile.html]
[nsdbytes.com/template/osam/light/app-compose.html]
[nsdbytes.com/template/osam/light/app-inbox.html]
[nsdbytes.com/template/osam/light/app-inbox-detail.html]
[nsdbytes.com/template/osam/dark/favicon.ico]
[nsdbytes.com/template/osam/dark/assets/css/site.min.css]
[nsdbytes.com/template/osam/dark/page-social.html]
[nsdbytes.com/template/osam/dark/page-news.html]
[nsdbytes.com/template/osam/dark/page-login.html]
[nsdbytes.com/template/osam/dark/app-inbox.html]
[nsdbytes.com/template/osam/dark/app-chat.html]
[nsdbytes.com/template/osam/dark/app-calendar.html]
[nsdbytes.com/template/osam/dark/page-profile.html]
[nsdbytes.com/template/osam/dark/page-invoices.html]
[nsdbytes.com/template/osam/dark/page-timeline.html]
[nsdbytes.com/template/osam/dark/ui-helper-class.html]
[nsdbytes.com/template/osam/dark/ui-bootstrap.html]
[nsdbytes.com/template/osam/dark/ui-typography.html]
[nsdbytes.com/template/osam/dark/ui-tabs.html]
[nsdbytes.com/template/osam/dark/ui-buttons.html]
[nsdbytes.com/template/osam/dark/ui-icons.html]
[nsdbytes.com/template/osam/dark/ui-notifications.html]
[nsdbytes.com/template/osam/dark/ui-colors.html]
[nsdbytes.com/template/osam/dark/ui-dialogs.html]
[nsdbytes.com/template/osam/dark/ui-list-group.html]
[nsdbytes.com/template/osam/dark/ui-media-object.html]
[nsdbytes.com/template/osam/dark/ui-modals.html]
[nsdbytes.com/template/osam/dark/ui-nestable.html]
[nsdbytes.com/template/osam/dark/ui-progressbars.html]
[nsdbytes.com/template/osam/dark/ui-range-sliders.html]
[nsdbytes.com/template/osam/dark/forms-basic.html]
[nsdbytes.com/template/osam/dark/forms-advanced.html]
[nsdbytes.com/template/osam/dark/forms-validation.html]
[nsdbytes.com/template/osam/dark/forms-wizard.html]
[nsdbytes.com/template/osam/dark/forms-dragdropupload.html]
[nsdbytes.com/template/osam/dark/forms-cropping.html]
[nsdbytes.com/template/osam/dark/forms-summernote.html]
[nsdbytes.com/template/osam/dark/forms-editors.html]
[nsdbytes.com/template/osam/dark/forms-markdown.html]
[nsdbytes.com/template/osam/dark/table-normal.html]
[nsdbytes.com/template/osam/dark/table-jquery-datatable.html]
[nsdbytes.com/template/osam/dark/table-editable.html]
[nsdbytes.com/template/osam/dark/table-color.html]
[nsdbytes.com/template/osam/dark/table-filter.html]
[nsdbytes.com/template/osam/dark/table-dragger.html]
[nsdbytes.com/template/osam/dark/chart-c3.html]
[nsdbytes.com/template/osam/dark/chart-morris.html]
[nsdbytes.com/template/osam/dark/chart-flot.html]
[nsdbytes.com/template/osam/dark/chart-chartjs.html]
[nsdbytes.com/template/osam/dark/chart-jquery-knob.html]
[nsdbytes.com/template/osam/dark/chart-sparkline.html]
[nsdbytes.com/template/osam/dark/widgets.html]
[nsdbytes.com/template/osam/dark/page-register.html]
[nsdbytes.com/template/osam/dark/page-forgot-password.html]
[nsdbytes.com/template/osam/dark/page-404.html]
[nsdbytes.com/template/osam/dark/page-blank.html]
[nsdbytes.com/template/osam/dark/page-search-results.html]
[nsdbytes.com/template/osam/dark/page-gallery.html]
[nsdbytes.com/template/osam/dark/page-pricing.html]
[nsdbytes.com/template/osam/dark/map-jvectormap.html]
[nsdbytes.com/template/osam/dark/assets/bundles/libscripts.bundle.js]
[nsdbytes.com/template/osam/dark/assets/bundles/vendorscripts.bundle.js]
[nsdbytes.com/template/osam/dark/assets/bundles/c3.bundle.js]
[nsdbytes.com/template/osam/dark/assets/bundles/chartist.bundle.js]
[nsdbytes.com/template/osam/dark/assets/bundles/knob.bundle.js]
[nsdbytes.com/template/osam/dark/assets/bundles/mainscripts.bundle.js]
[nsdbytes.com/template/osam/dark/assets/js/index.js]
[nsdbytes.com/template/osam/dark/index.html]
[nsdbytes.com/template/osam/fluid/favicon.ico]
[nsdbytes.com/template/osam/fluid/assets/css/site.min.css]
[nsdbytes.com/template/osam/fluid/page-social.html]
[nsdbytes.com/template/osam/fluid/page-news.html]
[nsdbytes.com/template/osam/fluid/page-login.html]
[nsdbytes.com/template/osam/fluid/app-inbox.html]
[nsdbytes.com/template/osam/fluid/app-chat.html]
[nsdbytes.com/template/osam/fluid/app-calendar.html]
[nsdbytes.com/template/osam/fluid/page-profile.html]
[nsdbytes.com/template/osam/fluid/page-invoices.html]
[nsdbytes.com/template/osam/fluid/page-timeline.html]
[nsdbytes.com/template/osam/fluid/ui-helper-class.html]
[nsdbytes.com/template/osam/fluid/ui-bootstrap.html]
[nsdbytes.com/template/osam/fluid/ui-typography.html]
[nsdbytes.com/template/osam/fluid/ui-tabs.html]
[nsdbytes.com/template/osam/fluid/ui-buttons.html]
[nsdbytes.com/template/osam/fluid/ui-icons.html]
[nsdbytes.com/template/osam/fluid/ui-notifications.html]
[nsdbytes.com/template/osam/fluid/ui-colors.html]
[nsdbytes.com/template/osam/fluid/ui-dialogs.html]
[nsdbytes.com/template/osam/fluid/ui-list-group.html]
[nsdbytes.com/template/osam/fluid/ui-media-object.html]
[nsdbytes.com/template/osam/fluid/ui-modals.html]
[nsdbytes.com/template/osam/fluid/ui-nestable.html]
[nsdbytes.com/template/osam/fluid/ui-progressbars.html]
[nsdbytes.com/template/osam/fluid/ui-range-sliders.html]
[nsdbytes.com/template/osam/fluid/forms-basic.html]
[nsdbytes.com/template/osam/fluid/forms-advanced.html]
[nsdbytes.com/template/osam/fluid/forms-validation.html]
[nsdbytes.com/template/osam/fluid/forms-wizard.html]
[nsdbytes.com/template/osam/fluid/forms-dragdropupload.html]
[nsdbytes.com/template/osam/fluid/forms-cropping.html]
[nsdbytes.com/template/osam/fluid/forms-summernote.html]
[nsdbytes.com/template/osam/fluid/forms-editors.html]
[nsdbytes.com/template/osam/fluid/forms-markdown.html]
[nsdbytes.com/template/osam/fluid/table-normal.html]
[nsdbytes.com/template/osam/fluid/table-jquery-datatable.html]
[nsdbytes.com/template/osam/fluid/table-editable.html]
[nsdbytes.com/template/osam/fluid/table-color.html]
[nsdbytes.com/template/osam/fluid/table-filter.html]
[nsdbytes.com/template/osam/fluid/table-dragger.html]
[nsdbytes.com/template/osam/fluid/chart-c3.html]
[nsdbytes.com/template/osam/fluid/chart-morris.html]
[nsdbytes.com/template/osam/fluid/chart-flot.html]
[nsdbytes.com/template/osam/fluid/chart-chartjs.html]
[nsdbytes.com/template/osam/fluid/chart-jquery-knob.html]
[nsdbytes.com/template/osam/fluid/chart-sparkline.html]
[nsdbytes.com/template/osam/fluid/widgets.html]
[nsdbytes.com/template/osam/fluid/page-register.html]
[nsdbytes.com/template/osam/fluid/page-forgot-password.html]
[nsdbytes.com/template/osam/fluid/page-404.html]
[nsdbytes.com/template/osam/fluid/page-blank.html]
[nsdbytes.com/template/osam/fluid/page-search-results.html]
[nsdbytes.com/template/osam/fluid/page-gallery.html]
[nsdbytes.com/template/osam/fluid/page-pricing.html]
[nsdbytes.com/template/osam/fluid/map-jvectormap.html]
[nsdbytes.com/template/osam/fluid/assets/bundles/libscripts.bundle.js]
[nsdbytes.com/template/osam/fluid/assets/bundles/vendorscripts.bundle.js]
[nsdbytes.com/template/osam/fluid/assets/bundles/c3.bundle.js]
[nsdbytes.com/template/osam/fluid/assets/bundles/chartist.bundle.js]
[nsdbytes.com/template/osam/fluid/assets/bundles/knob.bundle.js]
[nsdbytes.com/template/osam/fluid/assets/bundles/jvectormap.bundle.js]
[nsdbytes.com/template/osam/fluid/assets/bundles/mainscripts.bundle.js]
[nsdbytes.com/template/osam/fluid/index.html]
[nsdbytes.com/template/osam/fluid/assets/js/index.js]
[nsdbytes.com/template/osam/hmenu/favicon.ico]
[nsdbytes.com/template/osam/hmenu/assets/css/site.min.css]
[nsdbytes.com/template/osam/hmenu/page-social.html]
[nsdbytes.com/template/osam/hmenu/page-news.html]
[nsdbytes.com/template/osam/hmenu/page-login.html]
[nsdbytes.com/template/osam/hmenu/app-inbox.html]
[nsdbytes.com/template/osam/hmenu/app-chat.html]
[nsdbytes.com/template/osam/hmenu/app-calendar.html]
[nsdbytes.com/template/osam/hmenu/page-profile.html]
[nsdbytes.com/template/osam/hmenu/page-invoices.html]
[nsdbytes.com/template/osam/hmenu/page-timeline.html]
[nsdbytes.com/template/osam/hmenu/ui-helper-class.html]
[nsdbytes.com/template/osam/hmenu/ui-bootstrap.html]
[nsdbytes.com/template/osam/hmenu/ui-typography.html]
[nsdbytes.com/template/osam/hmenu/ui-tabs.html]
[nsdbytes.com/template/osam/hmenu/ui-buttons.html]
[nsdbytes.com/template/osam/hmenu/ui-icons.html]
[nsdbytes.com/template/osam/hmenu/ui-notifications.html]
[nsdbytes.com/template/osam/hmenu/ui-colors.html]
[nsdbytes.com/template/osam/hmenu/ui-dialogs.html]
[nsdbytes.com/template/osam/hmenu/ui-list-group.html]
[nsdbytes.com/template/osam/hmenu/ui-media-object.html]
[nsdbytes.com/template/osam/hmenu/ui-modals.html]
[nsdbytes.com/template/osam/hmenu/ui-nestable.html]
[nsdbytes.com/template/osam/hmenu/ui-progressbars.html]
[nsdbytes.com/template/osam/hmenu/ui-range-sliders.html]
[nsdbytes.com/template/osam/hmenu/forms-basic.html]
[nsdbytes.com/template/osam/hmenu/forms-advanced.html]
[nsdbytes.com/template/osam/hmenu/forms-validation.html]
[nsdbytes.com/template/osam/hmenu/forms-wizard.html]
[nsdbytes.com/template/osam/hmenu/forms-dragdropupload.html]
[nsdbytes.com/template/osam/hmenu/forms-cropping.html]
[nsdbytes.com/template/osam/hmenu/forms-summernote.html]
[nsdbytes.com/template/osam/hmenu/forms-editors.html]
[nsdbytes.com/template/osam/hmenu/forms-markdown.html]
[nsdbytes.com/template/osam/hmenu/table-normal.html]
[nsdbytes.com/template/osam/hmenu/table-jquery-datatable.html]
[nsdbytes.com/template/osam/hmenu/table-editable.html]
[nsdbytes.com/template/osam/hmenu/table-color.html]
[nsdbytes.com/template/osam/hmenu/table-filter.html]
[nsdbytes.com/template/osam/hmenu/table-dragger.html]
[nsdbytes.com/template/osam/hmenu/chart-c3.html]
[nsdbytes.com/template/osam/hmenu/chart-morris.html]
[nsdbytes.com/template/osam/hmenu/chart-flot.html]
[nsdbytes.com/template/osam/hmenu/chart-chartjs.html]
[nsdbytes.com/template/osam/hmenu/chart-jquery-knob.html]
[nsdbytes.com/template/osam/hmenu/chart-sparkline.html]
[nsdbytes.com/template/osam/hmenu/widgets.html]
[nsdbytes.com/template/osam/hmenu/page-register.html]
[nsdbytes.com/template/osam/hmenu/page-forgot-password.html]
[nsdbytes.com/template/osam/hmenu/page-404.html]
[nsdbytes.com/template/osam/hmenu/page-blank.html]
[nsdbytes.com/template/osam/hmenu/page-search-results.html]
[nsdbytes.com/template/osam/hmenu/page-gallery.html]
[nsdbytes.com/template/osam/hmenu/page-pricing.html]
[nsdbytes.com/template/osam/hmenu/map-jvectormap.html]
[nsdbytes.com/template/osam/hmenu/page-invoices-detail.html]
[nsdbytes.com/template/osam/hmenu/assets/bundles/libscripts.bundle.js]
[nsdbytes.com/template/osam/hmenu/assets/bundles/vendorscripts.bundle.js]
[nsdbytes.com/template/osam/hmenu/assets/bundles/c3.bundle.js]
[nsdbytes.com/template/osam/hmenu/assets/bundles/chartist.bundle.js]
[nsdbytes.com/template/osam/hmenu/assets/bundles/mainscripts.bundle.js]
[nsdbytes.com/template/osam/hmenu/assets/js/index.js]
[nsdbytes.com/template/osam/hmenu/index.html]
[nsdbytes.com/template/osam/landing/favicon.ico]
[nsdbytes.com/template/osam/landing/assets/css/bootstrap.min.css]
[nsdbytes.com/template/osam/landing/assets/fonts/line-icons.css]
[nsdbytes.com/template/osam/landing/assets/css/animate.css]
[nsdbytes.com/template/osam/landing/assets/css/slicknav.css]
[nsdbytes.com/template/osam/landing/assets/css/owl.carousel.min.css]
[nsdbytes.com/template/osam/landing/assets/css/owl.theme.css]
[nsdbytes.com/template/osam/landing/assets/css/main.css]
[nsdbytes.com/template/osam/landing/assets/css/responsive.css]
[nsdbytes.com/template/osam/landing/assets/img/logo.png]
[nsdbytes.com/template/osam/landing/assets/img/hero-1.png]
[nsdbytes.com/template/osam/landing/assets/img/features-1.png]
[nsdbytes.com/template/osam/landing/assets/img/features-2.png]
[nsdbytes.com/template/osam/landing/assets/img/team/team-01.jpg]
[nsdbytes.com/template/osam/landing/assets/img/team/team-02.jpg]
[nsdbytes.com/template/osam/landing/assets/img/team/team-03.jpg]
[nsdbytes.com/template/osam/landing/assets/img/team/team-04.jpg]
[nsdbytes.com/template/osam/landing/assets/img/clients/img1.png]
[nsdbytes.com/template/osam/landing/assets/img/clients/img2.png]
[nsdbytes.com/template/osam/landing/assets/img/clients/img3.png]
[nsdbytes.com/template/osam/landing/assets/img/clients/img4.png]
[nsdbytes.com/template/osam/landing/assets/img/sm/avatar1.jpg]
[nsdbytes.com/template/osam/landing/assets/img/sm/avatar2.jpg]
[nsdbytes.com/template/osam/landing/assets/img/logo-light.png]
[nsdbytes.com/template/osam/landing/assets/js/jquery-min.js]
[nsdbytes.com/template/osam/landing/assets/js/bootstrap.bundle.min.js]
[nsdbytes.com/template/osam/landing/assets/js/wow.js]
[nsdbytes.com/template/osam/landing/assets/js/scrolling-nav.js]
[nsdbytes.com/template/osam/landing/assets/js/owl.carousel.min.js]
[nsdbytes.com/template/osam/landing/assets/js/jquery.nav.js]
[nsdbytes.com/template/osam/landing/assets/js/jquery.easing.min.js]
[nsdbytes.com/template/osam/landing/assets/js/jquery.slicknav.js]
[nsdbytes.com/template/osam/landing/assets/js/particles.min.js]
[nsdbytes.com/template/osam/landing/assets/js/main.js]
[nsdbytes.com/template/osam/landing/assets/js/form-validator.min.js]
[nsdbytes.com/template/osam/landing/assets/js/contact-form-script.min.js]
[nsdbytes.com/template/osam/landing/assets/js/particlesjs.js]
[nsdbytes.com/template/osam/landing/index.html]
[nsdbytes.com/template/osam/light/app-chat.html]
[nsdbytes.com/template/osam/assets/vendor/fullcalendar/fullcalendar.min.css]
[nsdbytes.com/template/osam/light/assets/bundles/fullcalendarscripts.bundle.js]
[nsdbytes.com/template/osam/light/assets/js/pages/calendar.js]
[nsdbytes.com/template/osam/light/app-calendar.html]
[nsdbytes.com/template/osam/light/assets/css/demo.css]
[nsdbytes.com/template/osam/light/ui-helper-class.html]
[nsdbytes.com/template/osam/light/ui-bootstrap.html]
[nsdbytes.com/template/osam/light/ui-typography.html]
[nsdbytes.com/template/osam/light/ui-tabs.html]
[nsdbytes.com/template/osam/light/ui-buttons.html]
[nsdbytes.com/template/osam/light/ui-icons.html]
[nsdbytes.com/template/osam/light/ui-notifications.html]
[nsdbytes.com/template/osam/light/ui-colors.html]
[nsdbytes.com/template/osam/assets/vendor/sweetalert/sweetalert.css]
[nsdbytes.com/template/osam/assets/vendor/sweetalert/sweetalert.min.js]
[nsdbytes.com/template/osam/light/assets/js/pages/ui/dialogs.js]
[nsdbytes.com/template/osam/light/ui-dialogs.html]
[nsdbytes.com/template/osam/light/ui-list-group.html]
[nsdbytes.com/template/osam/assets/images/sm/avatar1.jpg]
[nsdbytes.com/template/osam/assets/images/sm/avatar2.jpg]
[nsdbytes.com/template/osam/assets/images/sm/avatar3.jpg]
[nsdbytes.com/template/osam/assets/images/sm/avatar4.jpg]
[nsdbytes.com/template/osam/light/ui-media-object.html]
[nsdbytes.com/template/osam/assets/vendor/dropify/css/dropify.min.css]
[nsdbytes.com/template/osam/assets/vendor/jquery-steps/jquery.steps.css]
[nsdbytes.com/template/osam/assets/vendor/dropify/js/dropify.js]
[nsdbytes.com/template/osam/assets/vendor/jquery-steps/jquery.steps.js]
[nsdbytes.com/template/osam/light/assets/js/pages/forms/dropify.js]
[nsdbytes.com/template/osam/light/assets/js/pages/forms/form-wizard.js]
[nsdbytes.com/template/osam/light/ui-modals.html]
[nsdbytes.com/template/osam/assets/vendor/nestable/jquery-nestable.css]
[nsdbytes.com/template/osam/assets/vendor/nestable/jquery.nestable.js]
[nsdbytes.com/template/osam/light/assets/js/pages/ui/sortable-nestable.js]
[nsdbytes.com/template/osam/light/ui-nestable.html]
[nsdbytes.com/template/osam/assets/vendor/bootstrap-progressbar/css/bootstrap-progressbar-3.3.4.min.css]
[nsdbytes.com/template/osam/assets/vendor/bootstrap-progressbar/js/bootstrap-progressbar.min.js]
[nsdbytes.com/template/osam/light/ui-progressbars.html]
[nsdbytes.com/template/osam/assets/vendor/rangeslider/css/ion.rangeSlider.css]
[nsdbytes.com/template/osam/assets/vendor/rangeslider/css/ion.rangeSlider.skinModern.css]
[nsdbytes.com/template/osam/assets/vendor/rangeslider/js/ion.rangeSlider.js]
[nsdbytes.com/template/osam/light/assets/js/pages/range-sliders.js]
[nsdbytes.com/template/osam/light/ui-range-sliders.html]
[nsdbytes.com/template/osam/light/forms-basic.html]
[nsdbytes.com/template/osam/assets/vendor/bootstrap-multiselect/bootstrap-multiselect.css]
[nsdbytes.com/template/osam/assets/vendor/bootstrap-colorpicker/css/bootstrap-colorpicker.css]
[nsdbytes.com/template/osam/assets/vendor/multi-select/css/multi-select.css]
[nsdbytes.com/template/osam/assets/vendor/bootstrap-tagsinput/bootstrap-tagsinput.css]
[nsdbytes.com/template/osam/assets/vendor/nouislider/nouislider.min.css]
[nsdbytes.com/template/osam/assets/vendor/bootstrap-colorpicker/js/bootstrap-colorpicker.js]
[nsdbytes.com/template/osam/assets/vendor/jquery-inputmask/jquery.inputmask.bundle.js]
[nsdbytes.com/template/osam/assets/vendor/jquery.maskedinput/jquery.maskedinput.min.js]
[nsdbytes.com/template/osam/assets/vendor/multi-select/js/jquery.multi-select.js]
[nsdbytes.com/template/osam/assets/vendor/bootstrap-multiselect/bootstrap-multiselect.js]
[nsdbytes.com/template/osam/assets/vendor/bootstrap-tagsinput/bootstrap-tagsinput.js]
[nsdbytes.com/template/osam/assets/vendor/nouislider/nouislider.js]
[nsdbytes.com/template/osam/light/assets/js/pages/forms/advanced-form-elements.js]
[nsdbytes.com/template/osam/light/forms-advanced.html]
[nsdbytes.com/template/osam/assets/vendor/parsleyjs/css/parsley.css]
[nsdbytes.com/template/osam/assets/vendor/parsleyjs/js/parsley.min.js]
[nsdbytes.com/template/osam/light/forms-validation.html]
[nsdbytes.com/template/osam/assets/vendor/jquery-validation/jquery.validate.js]
[nsdbytes.com/template/osam/light/forms-wizard.html]
[nsdbytes.com/template/osam/light/forms-dragdropupload.html]
[nsdbytes.com/template/osam/assets/vendor/cropper/cropper.min.css]
[nsdbytes.com/template/osam/light/cropped.jpg]
[nsdbytes.com/template/osam/assets/vendor/cropper/cropper.min.js]
[nsdbytes.com/template/osam/assets/vendor/cropper/cropper-init.js]
[nsdbytes.com/template/osam/light/forms-cropping.html]
[nsdbytes.com/template/osam/assets/vendor/summernote/dist/summernote.css]
[nsdbytes.com/template/osam/light/forms-summernote.html]
[nsdbytes.com/template/osam/assets/vendor/summernote/dist/summernote.js]
[nsdbytes.com/template/osam/assets/vendor/ckeditor/ckeditor.js]
[nsdbytes.com/template/osam/light/forms-editors.html]
[nsdbytes.com/template/osam/light/assets/js/pages/forms/editors.js]
[nsdbytes.com/template/osam/assets/vendor/bootstrap-markdown/bootstrap-markdown.min.css]
[nsdbytes.com/template/osam/assets/vendor/markdown/markdown.js]
[nsdbytes.com/template/osam/assets/vendor/to-markdown/to-markdown.js]
[nsdbytes.com/template/osam/assets/vendor/bootstrap-markdown/bootstrap-markdown.js]
[nsdbytes.com/template/osam/light/forms-markdown.html]
[nsdbytes.com/template/osam/light/table-normal.html]
[nsdbytes.com/template/osam/assets/vendor/jquery-datatable/dataTables.bootstrap4.min.css]
[nsdbytes.com/template/osam/assets/vendor/jquery-datatable/fixedeader/dataTables.fixedcolumns.bootstrap4.min.css]
[nsdbytes.com/template/osam/assets/vendor/jquery-datatable/fixedeader/dataTables.fixedheader.bootstrap4.min.css]
[nsdbytes.com/template/osam/assets/images/details_open.png]
[nsdbytes.com/template/osam/assets/images/details_close.png]
[nsdbytes.com/template/osam/light/assets/bundles/datatablescripts.bundle.js]
[nsdbytes.com/template/osam/assets/vendor/jquery-datatable/buttons/dataTables.buttons.min.js]
[nsdbytes.com/template/osam/assets/vendor/jquery-datatable/buttons/buttons.bootstrap4.min.js]
[nsdbytes.com/template/osam/assets/vendor/jquery-datatable/buttons/buttons.colVis.min.js]
[nsdbytes.com/template/osam/assets/vendor/jquery-datatable/buttons/buttons.html5.min.js]
[nsdbytes.com/template/osam/assets/vendor/jquery-datatable/buttons/buttons.print.min.js]
[nsdbytes.com/template/osam/light/assets/js/pages/tables/jquery-datatable.js]
[nsdbytes.com/template/osam/light/table-jquery-datatable.html]
[nsdbytes.com/template/osam/assets/vendor/editable-table/mindmup-editabletable.js]
[nsdbytes.com/template/osam/light/table-editable.html]
[nsdbytes.com/template/osam/light/table-color.html]
[nsdbytes.com/template/osam/light/assets/js/pages/tables/editable-table.js]
[nsdbytes.com/template/osam/light/assets/js/pages/tables/table-filter.js]
[nsdbytes.com/template/osam/light/table-filter.html]
[nsdbytes.com/template/osam/assets/vendor/table-dragger/table-dragger.min.css]
[nsdbytes.com/template/osam/light/table-dragger.html]
[nsdbytes.com/template/osam/assets/vendor/table-dragger/table-dragger.min.js]
[nsdbytes.com/template/osam/light/assets/bundles/c3.bundle.js]
[nsdbytes.com/template/osam/light/assets/js/pages/charts/c3.js]
[nsdbytes.com/template/osam/light/chart-c3.html]
[nsdbytes.com/template/osam/assets/vendor/morrisjs/morris.css]
[nsdbytes.com/template/osam/light/assets/bundles/morrisscripts.bundle.js]
[nsdbytes.com/template/osam/light/assets/js/pages/charts/morris.js]
[nsdbytes.com/template/osam/light/chart-morris.html]
[nsdbytes.com/template/osam/light/assets/bundles/flotscripts.bundle.js]
[nsdbytes.com/template/osam/assets/vendor/flot-charts/jquery.flot.time.js]
[nsdbytes.com/template/osam/assets/vendor/flot-charts/jquery.flot.selection.js]
[nsdbytes.com/template/osam/light/assets/js/pages/charts/flot.js]
[nsdbytes.com/template/osam/light/chart-flot.html]
[nsdbytes.com/template/osam/assets/vendor/chartist/css/chartist.min.css]
[nsdbytes.com/template/osam/light/assets/bundles/chartist.bundle.js]
[nsdbytes.com/template/osam/light/assets/js/pages/charts/chartjs.js]
[nsdbytes.com/template/osam/light/chart-chartjs.html]
[nsdbytes.com/template/osam/assets/vendor/jquery-knob/jquery.knob.min.js]
[nsdbytes.com/template/osam/light/assets/js/pages/charts/jquery-knob.js]
[nsdbytes.com/template/osam/light/chart-jquery-knob.html]
[nsdbytes.com/template/osam/assets/vendor/jquery-sparkline/js/jquery.sparkline.min.js]
[nsdbytes.com/template/osam/light/assets/js/pages/charts/sparkline.js]
[nsdbytes.com/template/osam/light/chart-sparkline.html]
[nsdbytes.com/template/osam/light/assets/bundles/knob.bundle.js]
[nsdbytes.com/template/osam/light/assets/js/pages/widgets.js]
[nsdbytes.com/template/osam/light/widgets.html]
[nsdbytes.com/template/osam/light/page-register.html]
[nsdbytes.com/template/osam/light/page-forgot-password.html]
[nsdbytes.com/template/osam/light/page-404.html]
[nsdbytes.com/template/osam/light/page-blank.html]
[nsdbytes.com/template/osam/light/page-search-results.html]
[nsdbytes.com/template/osam/light/page-invoices-detail.html]
[nsdbytes.com/template/osam/light/assets/js/pages/tables/invoice.js]
[nsdbytes.com/template/osam/light/page-invoices.html]
[nsdbytes.com/template/osam/assets/vendor/light-gallery/css/lightgallery.css]
[nsdbytes.com/template/osam/assets/images/image-gallery/5.jpg]
[nsdbytes.com/template/osam/assets/images/image-gallery/11.jpg]
[nsdbytes.com/template/osam/assets/images/image-gallery/13.jpg]
[nsdbytes.com/template/osam/assets/images/image-gallery/14.jpg]
[nsdbytes.com/template/osam/assets/vendor/light-gallery/js/lightgallery-all.min.js]
[nsdbytes.com/template/osam/assets/vendor/light-gallery/js/mousewheel.min.js]
[nsdbytes.com/template/osam/light/page-gallery.html]
[nsdbytes.com/template/osam/light/page-timeline.html]
[nsdbytes.com/template/osam/light/page-pricing.html]
[nsdbytes.com/template/osam/light/assets/js/pages/medias/image-gallery.js]
[nsdbytes.com/template/osam/assets/vendor/jvectormap/jquery-jvectormap-world-mill-en.js]
[nsdbytes.com/template/osam/assets/vendor/jvectormap/jquery-jvectormap-in-mill.js]
[nsdbytes.com/template/osam/assets/vendor/jvectormap/jquery-jvectormap-us-aea-en.js]
[nsdbytes.com/template/osam/assets/vendor/jvectormap/jquery-jvectormap-uk-mill-en.js]
[nsdbytes.com/template/osam/assets/vendor/jvectormap/jquery-jvectormap-au-mill.js]
[nsdbytes.com/template/osam/light/assets/js/pages/maps/jvectormap.js]
[nsdbytes.com/template/osam/light/map-jvectormap.html]
[nsdbytes.com/template/osam/light/assets/bundles/libscripts.bundle.js]
[nsdbytes.com/template/osam/light/GET]
[nsdbytes.com/template/osam/light/Error pJS - No image.src]
[nsdbytes.com/template/osam/light/assets/bundles/vendorscripts.bundle.js]
[nsdbytes.com/template/osam/light/assets/bundles/jvectormap.bundle.js]
[nsdbytes.com/template/osam/assets/vendor/toastr/toastr.js]
[nsdbytes.com/template/osam/assets/images/logo.svg]
[nsdbytes.com/template/osam/light/assets/bundles/mainscripts.bundle.js]
[nsdbytes.com/template/osam/light/assets/js/index.js]
[nsdbytes.com/template/osam/assets/vendor/font-awesome/fonts/fontawesome-webfont3e6e.svg]
[nsdbytes.com/template/osam/light/assets/fonts/simple-Line-Icons.svg]
[nsdbytes.com/template/osam/light/assets/fonts/weathericons-regular-webfont.svg]
[nsdbytes.com/template/osam/assets/vendor/particlesjs/particles.min.js]
[nsdbytes.com/template/osam/light/assets/js/pages/particlesjs.js]
[nsdbytes.com/template/osam/assets/vendor/bootstrap-datepicker/css/bootstrap-datepicker3.min.css]
[nsdbytes.com/template/osam/assets/vendor/bootstrap-datepicker/js/bootstrap-datepicker.min.js]
[nsdbytes.com/template/osam/light/app-compose.html]
[nsdbytes.com/template/osam/light/app-inbox-detail.html]
[nsdbytes.com/template/osam/dark/assets/fonts/simple-Line-Icons.eot]
[nsdbytes.com/template/osam/dark/assets/fonts/simple-Line-Icons.woff]
[nsdbytes.com/template/osam/dark/assets/fonts/simple-Line-Icons.ttf]
[nsdbytes.com/template/osam/dark/assets/fonts/simple-Line-Icons.svg]
[nsdbytes.com/template/osam/dark/assets/fonts/weathericons-regular-webfont.eot]
[nsdbytes.com/template/osam/dark/assets/fonts/weathericons-regular-webfontd41d.eot]
[nsdbytes.com/template/osam/dark/assets/fonts/weathericons-regular-webfont.woff]
[nsdbytes.com/template/osam/dark/assets/fonts/weathericons-regular-webfont.ttf]
[nsdbytes.com/template/osam/dark/assets/css/site.min.css]
[nsdbytes.com/template/osam/dark/page-social.html]
[nsdbytes.com/template/osam/dark/page-news.html]
[nsdbytes.com/template/osam/dark/page-login.html]
[nsdbytes.com/template/osam/dark/assets/fonts/weathericons-regular-webfont.svg]
[nsdbytes.com/template/osam/dark/app-compose.html]
[nsdbytes.com/template/osam/dark/app-inbox.html]
[nsdbytes.com/template/osam/dark/app-chat.html]
[nsdbytes.com/template/osam/dark/app-inbox-detail.html]
[nsdbytes.com/template/osam/dark/assets/bundles/fullcalendarscripts.bundle.js]
[nsdbytes.com/template/osam/dark/assets/js/pages/calendar.js]
[nsdbytes.com/template/osam/dark/app-calendar.html]
[nsdbytes.com/template/osam/dark/page-profile.html]
[nsdbytes.com/template/osam/dark/page-invoices-detail.html]
[nsdbytes.com/template/osam/dark/assets/bundles/datatablescripts.bundle.js]
[nsdbytes.com/template/osam/dark/assets/js/pages/tables/invoice.js]
[nsdbytes.com/template/osam/dark/page-invoices.html]
[nsdbytes.com/template/osam/dark/page-timeline.html]
[nsdbytes.com/template/osam/dark/assets/css/demo.css]
[nsdbytes.com/template/osam/dark/ui-helper-class.html]
[nsdbytes.com/template/osam/dark/ui-bootstrap.html]
[nsdbytes.com/template/osam/dark/ui-typography.html]
[nsdbytes.com/template/osam/dark/ui-tabs.html]
[nsdbytes.com/template/osam/dark/ui-buttons.html]
[nsdbytes.com/template/osam/dark/ui-icons.html]
[nsdbytes.com/template/osam/dark/ui-notifications.html]
[nsdbytes.com/template/osam/dark/ui-colors.html]
[nsdbytes.com/template/osam/dark/assets/js/pages/ui/dialogs.js]
[nsdbytes.com/template/osam/dark/ui-dialogs.html]
[nsdbytes.com/template/osam/dark/ui-list-group.html]
[nsdbytes.com/template/osam/dark/ui-media-object.html]
[nsdbytes.com/template/osam/dark/assets/js/pages/forms/dropify.js]
[nsdbytes.com/template/osam/dark/assets/js/pages/forms/form-wizard.js]
[nsdbytes.com/template/osam/dark/ui-modals.html]
[nsdbytes.com/template/osam/dark/assets/js/pages/ui/sortable-nestable.js]
[nsdbytes.com/template/osam/dark/ui-nestable.html]
[nsdbytes.com/template/osam/dark/ui-progressbars.html]
[nsdbytes.com/template/osam/dark/assets/js/pages/range-sliders.js]
[nsdbytes.com/template/osam/dark/ui-range-sliders.html]
[nsdbytes.com/template/osam/dark/forms-basic.html]
[nsdbytes.com/template/osam/dark/assets/js/pages/forms/advanced-form-elements.js]
[nsdbytes.com/template/osam/dark/forms-advanced.html]
[nsdbytes.com/template/osam/dark/forms-validation.html]
[nsdbytes.com/template/osam/dark/forms-wizard.html]
[nsdbytes.com/template/osam/dark/forms-dragdropupload.html]
[nsdbytes.com/template/osam/dark/cropped.jpg]
[nsdbytes.com/template/osam/dark/forms-cropping.html]
[nsdbytes.com/template/osam/dark/forms-summernote.html]
[nsdbytes.com/template/osam/dark/forms-editors.html]
[nsdbytes.com/template/osam/dark/forms-markdown.html]
[nsdbytes.com/template/osam/dark/table-normal.html]
[nsdbytes.com/template/osam/dark/assets/js/pages/forms/editors.js]
[nsdbytes.com/template/osam/dark/assets/js/pages/tables/jquery-datatable.js]
[nsdbytes.com/template/osam/dark/table-jquery-datatable.html]
[nsdbytes.com/template/osam/dark/table-editable.html]
[nsdbytes.com/template/osam/dark/table-color.html]
[nsdbytes.com/template/osam/dark/assets/js/pages/tables/editable-table.js]
[nsdbytes.com/template/osam/dark/assets/js/pages/tables/table-filter.js]
[nsdbytes.com/template/osam/dark/table-filter.html]
[nsdbytes.com/template/osam/dark/table-dragger.html]
[nsdbytes.com/template/osam/dark/assets/js/pages/charts/c3.js]
[nsdbytes.com/template/osam/dark/chart-c3.html]
[nsdbytes.com/template/osam/dark/assets/bundles/morrisscripts.bundle.js]
[nsdbytes.com/template/osam/dark/assets/js/pages/charts/morris.js]
[nsdbytes.com/template/osam/dark/chart-morris.html]
[nsdbytes.com/template/osam/dark/assets/bundles/flotscripts.bundle.js]
[nsdbytes.com/template/osam/dark/assets/js/pages/charts/flot.js]
[nsdbytes.com/template/osam/dark/chart-flot.html]
[nsdbytes.com/template/osam/dark/assets/js/pages/charts/chartjs.js]
[nsdbytes.com/template/osam/dark/chart-chartjs.html]
[nsdbytes.com/template/osam/dark/assets/js/pages/charts/jquery-knob.js]
[nsdbytes.com/template/osam/dark/chart-jquery-knob.html]
[nsdbytes.com/template/osam/dark/assets/js/pages/charts/sparkline.js]
[nsdbytes.com/template/osam/dark/chart-sparkline.html]
[nsdbytes.com/template/osam/dark/assets/js/pages/widgets.js]
[nsdbytes.com/template/osam/dark/widgets.html]
[nsdbytes.com/template/osam/dark/page-register.html]
[nsdbytes.com/template/osam/dark/page-forgot-password.html]
[nsdbytes.com/template/osam/dark/page-404.html]
[nsdbytes.com/template/osam/dark/page-blank.html]
[nsdbytes.com/template/osam/dark/page-search-results.html]
[nsdbytes.com/template/osam/dark/assets/bundles/lightgallery.bundle.js]
[nsdbytes.com/template/osam/dark/page-gallery.html]
[nsdbytes.com/template/osam/dark/page-pricing.html]
[nsdbytes.com/template/osam/dark/assets/js/pages/medias/image-gallery.js]
[nsdbytes.com/template/osam/dark/assets/bundles/jvectormap.bundle.js]
[nsdbytes.com/template/osam/dark/assets/js/pages/maps/jvectormap.js]
[nsdbytes.com/template/osam/dark/map-jvectormap.html]
[nsdbytes.com/template/osam/dark/assets/bundles/libscripts.bundle.js]
[nsdbytes.com/template/osam/dark/GET]
[nsdbytes.com/template/osam/dark/Error pJS - No image.src]
[nsdbytes.com/template/osam/dark/assets/bundles/vendorscripts.bundle.js]
[nsdbytes.com/template/osam/dark/assets/bundles/c3.bundle.js]
[nsdbytes.com/template/osam/dark/assets/bundles/chartist.bundle.js]
[nsdbytes.com/template/osam/dark/assets/bundles/knob.bundle.js]
[nsdbytes.com/template/osam/dark/assets/bundles/mainscripts.bundle.js]
[nsdbytes.com/template/osam/dark/assets/js/index.js]
[nsdbytes.com/template/osam/fluid/assets/fonts/simple-Line-Icons.eot]
[nsdbytes.com/template/osam/fluid/assets/fonts/simple-Line-Icons.woff]
[nsdbytes.com/template/osam/fluid/assets/fonts/simple-Line-Icons.ttf]
[nsdbytes.com/template/osam/fluid/assets/fonts/simple-Line-Icons.svg]
[nsdbytes.com/template/osam/fluid/assets/fonts/weathericons-regular-webfont.eot]
[nsdbytes.com/template/osam/fluid/assets/fonts/weathericons-regular-webfontd41d.eot]
[nsdbytes.com/template/osam/fluid/assets/fonts/weathericons-regular-webfont.woff]
[nsdbytes.com/template/osam/fluid/assets/fonts/weathericons-regular-webfont.ttf]
[nsdbytes.com/template/osam/fluid/assets/css/site.min.css]
[nsdbytes.com/template/osam/fluid/page-social.html]
[nsdbytes.com/template/osam/fluid/page-news.html]
[nsdbytes.com/template/osam/fluid/page-login.html]
[nsdbytes.com/template/osam/fluid/assets/fonts/weathericons-regular-webfont.svg]
[nsdbytes.com/template/osam/fluid/app-compose.html]
[nsdbytes.com/template/osam/fluid/app-inbox.html]
[nsdbytes.com/template/osam/fluid/app-chat.html]
[nsdbytes.com/template/osam/fluid/app-inbox-detail.html]
[nsdbytes.com/template/osam/fluid/assets/bundles/fullcalendarscripts.bundle.js]
[nsdbytes.com/template/osam/fluid/assets/js/pages/calendar.js]
[nsdbytes.com/template/osam/fluid/app-calendar.html]
[nsdbytes.com/template/osam/fluid/page-profile.html]
[nsdbytes.com/template/osam/fluid/page-invoices-detail.html]
[nsdbytes.com/template/osam/fluid/assets/bundles/datatablescripts.bundle.js]
[nsdbytes.com/template/osam/fluid/assets/js/pages/tables/invoice.js]
[nsdbytes.com/template/osam/fluid/page-invoices.html]
[nsdbytes.com/template/osam/fluid/page-timeline.html]
[nsdbytes.com/template/osam/fluid/assets/css/demo.css]
[nsdbytes.com/template/osam/fluid/ui-helper-class.html]
[nsdbytes.com/template/osam/fluid/ui-bootstrap.html]
[nsdbytes.com/template/osam/fluid/ui-typography.html]
[nsdbytes.com/template/osam/fluid/ui-tabs.html]
[nsdbytes.com/template/osam/fluid/ui-buttons.html]
[nsdbytes.com/template/osam/fluid/ui-icons.html]
[nsdbytes.com/template/osam/fluid/ui-notifications.html]
[nsdbytes.com/template/osam/fluid/ui-colors.html]
[nsdbytes.com/template/osam/fluid/assets/js/pages/ui/dialogs.js]
[nsdbytes.com/template/osam/fluid/ui-dialogs.html]
[nsdbytes.com/template/osam/fluid/ui-list-group.html]
[nsdbytes.com/template/osam/fluid/ui-media-object.html]
[nsdbytes.com/template/osam/fluid/assets/js/pages/forms/dropify.js]
[nsdbytes.com/template/osam/fluid/assets/js/pages/forms/form-wizard.js]
[nsdbytes.com/template/osam/fluid/ui-modals.html]
[nsdbytes.com/template/osam/fluid/assets/js/pages/ui/sortable-nestable.js]
[nsdbytes.com/template/osam/fluid/ui-nestable.html]
[nsdbytes.com/template/osam/fluid/ui-progressbars.html]
[nsdbytes.com/template/osam/fluid/assets/js/pages/range-sliders.js]
[nsdbytes.com/template/osam/fluid/ui-range-sliders.html]
[nsdbytes.com/template/osam/fluid/forms-basic.html]
[nsdbytes.com/template/osam/fluid/assets/js/pages/forms/advanced-form-elements.js]
[nsdbytes.com/template/osam/fluid/forms-advanced.html]
[nsdbytes.com/template/osam/fluid/forms-validation.html]
[nsdbytes.com/template/osam/fluid/forms-wizard.html]
[nsdbytes.com/template/osam/fluid/forms-dragdropupload.html]
[nsdbytes.com/template/osam/fluid/cropped.jpg]
[nsdbytes.com/template/osam/fluid/forms-cropping.html]
[nsdbytes.com/template/osam/fluid/forms-summernote.html]
[nsdbytes.com/template/osam/fluid/forms-editors.html]
[nsdbytes.com/template/osam/fluid/forms-markdown.html]
[nsdbytes.com/template/osam/fluid/table-normal.html]
[nsdbytes.com/template/osam/fluid/assets/js/pages/forms/editors.js]
[nsdbytes.com/template/osam/fluid/assets/js/pages/tables/jquery-datatable.js]
[nsdbytes.com/template/osam/fluid/table-jquery-datatable.html]
[nsdbytes.com/template/osam/fluid/table-editable.html]
[nsdbytes.com/template/osam/fluid/table-color.html]
[nsdbytes.com/template/osam/fluid/assets/js/pages/tables/editable-table.js]
[nsdbytes.com/template/osam/fluid/assets/js/pages/tables/table-filter.js]
[nsdbytes.com/template/osam/fluid/table-filter.html]
[nsdbytes.com/template/osam/fluid/table-dragger.html]
[nsdbytes.com/template/osam/fluid/assets/js/pages/charts/c3.js]
[nsdbytes.com/template/osam/fluid/chart-c3.html]
[nsdbytes.com/template/osam/fluid/assets/bundles/morrisscripts.bundle.js]
[nsdbytes.com/template/osam/fluid/assets/js/pages/charts/morris.js]
[nsdbytes.com/template/osam/fluid/chart-morris.html]
[nsdbytes.com/template/osam/fluid/assets/bundles/flotscripts.bundle.js]
[nsdbytes.com/template/osam/fluid/assets/js/pages/charts/flot.js]
[nsdbytes.com/template/osam/fluid/chart-flot.html]
[nsdbytes.com/template/osam/fluid/assets/js/pages/charts/chartjs.js]
[nsdbytes.com/template/osam/fluid/chart-chartjs.html]
[nsdbytes.com/template/osam/fluid/assets/js/pages/charts/jquery-knob.js]
[nsdbytes.com/template/osam/fluid/chart-jquery-knob.html]
[nsdbytes.com/template/osam/fluid/assets/js/pages/charts/sparkline.js]
[nsdbytes.com/template/osam/fluid/chart-sparkline.html]
[nsdbytes.com/template/osam/fluid/assets/js/pages/widgets.js]
[nsdbytes.com/template/osam/fluid/widgets.html]
[nsdbytes.com/template/osam/fluid/page-register.html]
[nsdbytes.com/template/osam/fluid/page-forgot-password.html]
[nsdbytes.com/template/osam/fluid/page-404.html]
[nsdbytes.com/template/osam/fluid/page-blank.html]
[nsdbytes.com/template/osam/fluid/page-search-results.html]
[nsdbytes.com/template/osam/fluid/assets/bundles/lightgallery.bundle.js]
[nsdbytes.com/template/osam/fluid/page-gallery.html]
[nsdbytes.com/template/osam/fluid/page-pricing.html]
[nsdbytes.com/template/osam/fluid/assets/js/pages/medias/image-gallery.js]
[nsdbytes.com/template/osam/fluid/assets/js/pages/maps/jvectormap.js]
[nsdbytes.com/template/osam/fluid/map-jvectormap.html]
[nsdbytes.com/template/osam/fluid/assets/bundles/libscripts.bundle.js]
[nsdbytes.com/template/osam/fluid/GET]
[nsdbytes.com/template/osam/fluid/Error pJS - No image.src]
[nsdbytes.com/template/osam/fluid/assets/bundles/vendorscripts.bundle.js]
[nsdbytes.com/template/osam/fluid/assets/bundles/c3.bundle.js]
[nsdbytes.com/template/osam/fluid/assets/bundles/chartist.bundle.js]
[nsdbytes.com/template/osam/fluid/assets/bundles/knob.bundle.js]
[nsdbytes.com/template/osam/fluid/assets/bundles/jvectormap.bundle.js]
[nsdbytes.com/template/osam/fluid/assets/bundles/mainscripts.bundle.js]
[nsdbytes.com/template/osam/fluid/assets/js/index.js]
[nsdbytes.com/template/osam/hmenu/assets/fonts/simple-Line-Icons.eot]
[nsdbytes.com/template/osam/hmenu/assets/fonts/simple-Line-Icons.woff]
[nsdbytes.com/template/osam/hmenu/assets/fonts/simple-Line-Icons.ttf]
[nsdbytes.com/template/osam/hmenu/assets/fonts/simple-Line-Icons.svg]
[nsdbytes.com/template/osam/hmenu/assets/fonts/weathericons-regular-webfont.eot]
[nsdbytes.com/template/osam/hmenu/assets/fonts/weathericons-regular-webfontd41d.eot]
[nsdbytes.com/template/osam/hmenu/assets/fonts/weathericons-regular-webfont.woff]
[nsdbytes.com/template/osam/hmenu/assets/fonts/weathericons-regular-webfont.ttf]
[nsdbytes.com/template/osam/hmenu/assets/css/site.min.css]
[nsdbytes.com/template/osam/hmenu/page-social.html]
[nsdbytes.com/template/osam/hmenu/page-news.html]
[nsdbytes.com/template/osam/hmenu/page-login.html]
[nsdbytes.com/template/osam/hmenu/assets/fonts/weathericons-regular-webfont.svg]
[nsdbytes.com/template/osam/hmenu/app-compose.html]
[nsdbytes.com/template/osam/hmenu/app-inbox.html]
[nsdbytes.com/template/osam/hmenu/app-chat.html]
[nsdbytes.com/template/osam/hmenu/app-inbox-detail.html]
[nsdbytes.com/template/osam/hmenu/assets/bundles/fullcalendarscripts.bundle.js]
[nsdbytes.com/template/osam/hmenu/assets/bundles/knob.bundle.js]
[nsdbytes.com/template/osam/hmenu/assets/js/pages/calendar.js]
[nsdbytes.com/template/osam/hmenu/app-calendar.html]
[nsdbytes.com/template/osam/hmenu/page-profile.html]
[nsdbytes.com/template/osam/hmenu/assets/bundles/datatablescripts.bundle.js]
[nsdbytes.com/template/osam/hmenu/assets/js/pages/tables/invoice.js]
[nsdbytes.com/template/osam/hmenu/page-invoices.html]
[nsdbytes.com/template/osam/hmenu/page-timeline.html]
[nsdbytes.com/template/osam/hmenu/assets/css/demo.css]
[nsdbytes.com/template/osam/hmenu/ui-helper-class.html]
[nsdbytes.com/template/osam/hmenu/ui-bootstrap.html]
[nsdbytes.com/template/osam/hmenu/ui-typography.html]
[nsdbytes.com/template/osam/hmenu/ui-tabs.html]
[nsdbytes.com/template/osam/hmenu/ui-buttons.html]
[nsdbytes.com/template/osam/hmenu/ui-icons.html]
[nsdbytes.com/template/osam/hmenu/ui-notifications.html]
[nsdbytes.com/template/osam/hmenu/ui-colors.html]
[nsdbytes.com/template/osam/hmenu/assets/js/pages/ui/dialogs.js]
[nsdbytes.com/template/osam/hmenu/ui-dialogs.html]
[nsdbytes.com/template/osam/hmenu/ui-list-group.html]
[nsdbytes.com/template/osam/hmenu/ui-media-object.html]
[nsdbytes.com/template/osam/hmenu/assets/js/pages/forms/dropify.js]
[nsdbytes.com/template/osam/hmenu/assets/js/pages/forms/form-wizard.js]
[nsdbytes.com/template/osam/hmenu/ui-modals.html]
[nsdbytes.com/template/osam/hmenu/assets/js/pages/ui/sortable-nestable.js]
[nsdbytes.com/template/osam/hmenu/ui-nestable.html]
[nsdbytes.com/template/osam/hmenu/ui-progressbars.html]
[nsdbytes.com/template/osam/hmenu/assets/js/pages/range-sliders.js]
[nsdbytes.com/template/osam/hmenu/ui-range-sliders.html]
[nsdbytes.com/template/osam/hmenu/forms-basic.html]
[nsdbytes.com/template/osam/hmenu/assets/js/pages/forms/advanced-form-elements.js]
[nsdbytes.com/template/osam/hmenu/forms-advanced.html]
[nsdbytes.com/template/osam/hmenu/forms-validation.html]
[nsdbytes.com/template/osam/hmenu/forms-wizard.html]
[nsdbytes.com/template/osam/hmenu/forms-dragdropupload.html]
[nsdbytes.com/template/osam/hmenu/cropped.jpg]
[nsdbytes.com/template/osam/hmenu/forms-cropping.html]
[nsdbytes.com/template/osam/hmenu/forms-summernote.html]
[nsdbytes.com/template/osam/hmenu/forms-editors.html]
[nsdbytes.com/template/osam/hmenu/forms-markdown.html]
[nsdbytes.com/template/osam/hmenu/table-normal.html]
[nsdbytes.com/template/osam/hmenu/assets/js/pages/forms/editors.js]
[nsdbytes.com/template/osam/hmenu/assets/js/pages/tables/jquery-datatable.js]
[nsdbytes.com/template/osam/hmenu/table-jquery-datatable.html]
[nsdbytes.com/template/osam/hmenu/table-editable.html]
[nsdbytes.com/template/osam/hmenu/table-color.html]
[nsdbytes.com/template/osam/hmenu/assets/js/pages/tables/editable-table.js]
[nsdbytes.com/template/osam/hmenu/assets/js/pages/tables/table-filter.js]
[nsdbytes.com/template/osam/hmenu/table-filter.html]
[nsdbytes.com/template/osam/hmenu/table-dragger.html]
[nsdbytes.com/template/osam/hmenu/assets/js/pages/charts/c3.js]
[nsdbytes.com/template/osam/hmenu/chart-c3.html]
[nsdbytes.com/template/osam/hmenu/assets/bundles/morrisscripts.bundle.js]
[nsdbytes.com/template/osam/hmenu/assets/js/pages/charts/morris.js]
[nsdbytes.com/template/osam/hmenu/chart-morris.html]
[nsdbytes.com/template/osam/hmenu/assets/bundles/flotscripts.bundle.js]
[nsdbytes.com/template/osam/hmenu/assets/js/pages/charts/flot.js]
[nsdbytes.com/template/osam/hmenu/chart-flot.html]
[nsdbytes.com/template/osam/hmenu/assets/js/pages/charts/chartjs.js]
[nsdbytes.com/template/osam/hmenu/chart-chartjs.html]
[nsdbytes.com/template/osam/hmenu/assets/js/pages/charts/jquery-knob.js]
[nsdbytes.com/template/osam/hmenu/chart-jquery-knob.html]
[nsdbytes.com/template/osam/hmenu/assets/js/pages/charts/sparkline.js]
[nsdbytes.com/template/osam/hmenu/chart-sparkline.html]
[nsdbytes.com/template/osam/hmenu/assets/js/pages/widgets.js]
[nsdbytes.com/template/osam/hmenu/widgets.html]
[nsdbytes.com/template/osam/hmenu/page-register.html]
[nsdbytes.com/template/osam/hmenu/page-forgot-password.html]
[nsdbytes.com/template/osam/hmenu/page-404.html]
[nsdbytes.com/template/osam/hmenu/page-blank.html]
[nsdbytes.com/template/osam/hmenu/page-search-results.html]
[nsdbytes.com/template/osam/hmenu/assets/bundles/lightgallery.bundle.js]
[nsdbytes.com/template/osam/hmenu/page-gallery.html]
[nsdbytes.com/template/osam/hmenu/page-pricing.html]
[nsdbytes.com/template/osam/hmenu/assets/js/pages/medias/image-gallery.js]
[nsdbytes.com/template/osam/hmenu/assets/bundles/jvectormap.bundle.js]
[nsdbytes.com/template/osam/hmenu/assets/js/pages/maps/jvectormap.js]
[nsdbytes.com/template/osam/hmenu/map-jvectormap.html]
[nsdbytes.com/template/osam/hmenu/page-invoices-detail.html]
[nsdbytes.com/template/osam/hmenu/assets/bundles/libscripts.bundle.js]
[nsdbytes.com/template/osam/hmenu/GET]
[nsdbytes.com/template/osam/hmenu/Error pJS - No image.src]
[nsdbytes.com/template/osam/hmenu/assets/bundles/vendorscripts.bundle.js]
[nsdbytes.com/template/osam/hmenu/assets/bundles/c3.bundle.js]
[nsdbytes.com/template/osam/hmenu/assets/bundles/chartist.bundle.js]
[nsdbytes.com/template/osam/hmenu/assets/bundles/mainscripts.bundle.js]
[nsdbytes.com/template/osam/hmenu/assets/js/index.js]
[nsdbytes.com/template/osam/landing/assets/css/bootstrap.min.css]
[nsdbytes.com/template/osam/landing/assets/fonts/LineIconsa7fb.eot]
[nsdbytes.com/template/osam/landing/assets/fonts/LineIconsa7fb.ttf]
[nsdbytes.com/template/osam/landing/assets/fonts/LineIconsa7fb.woff]
[nsdbytes.com/template/osam/landing/assets/fonts/line-icons.css]
[nsdbytes.com/template/osam/landing/assets/css/animate.css]
[nsdbytes.com/template/osam/landing/assets/css/slicknav.css]
[nsdbytes.com/template/osam/landing/assets/css/owl.video.play.259.delayed]
[nsdbytes.com/template/osam/landing/assets/css/owl.carousel.min.css]
[nsdbytes.com/template/osam/landing/assets/css/owl.theme.css]
[nsdbytes.com/template/osam/landing/assets/css/main.css]
[nsdbytes.com/template/osam/landing/assets/css/responsive.css]
[nsdbytes.com/template/osam/landing/assets/js/jquery-min.js]
[nsdbytes.com/template/osam/landing/assets/js/bootstrap.bundle.min.js]
[nsdbytes.com/template/osam/landing/assets/js/wow.js]
[nsdbytes.com/template/osam/landing/assets/js/scrolling-nav.js]
[nsdbytes.com/template/osam/landing/assets/js/owl.carousel.min.js]
[nsdbytes.com/template/osam/landing/assets/js/jquery.nav.js]
[nsdbytes.com/template/osam/landing/assets/js/jquery.easing.min.js]
[nsdbytes.com/template/osam/landing/assets/js/jquery.slicknav.js]
[nsdbytes.com/template/osam/landing/assets/img/hero-1.png]
[nsdbytes.com/template/osam/landing/GET.25a.delayed]
[nsdbytes.com/template/osam/landing/Error pJS - No image.src]
[nsdbytes.com/template/osam/landing/assets/js/particles.min.js]
[nsdbytes.com/template/osam/landing/assets/js/main.js]
[nsdbytes.com/template/osam/landing/assets/js/form-validator.min.js]
[nsdbytes.com/template/osam/landing/assets/js/contact-form-script.min.js]
[nsdbytes.com/template/osam/landing/assets/js/particlesjs.js]
[nsdbytes.com/template/osam/assets/vendor/fullcalendar/fullcalendar.min.css]
[nsdbytes.com/template/osam/light/assets/bundles/fullcalendarscripts.bundle.js]
[nsdbytes.com/template/osam/light/assets/js/pages/calendar.js]
[nsdbytes.com/template/osam/light/assets/css/demo.css]
[nsdbytes.com/template/osam/assets/vendor/sweetalert/sweetalert.css]
[nsdbytes.com/template/osam/assets/vendor/sweetalert/sweetalert.min.js]
[nsdbytes.com/template/osam/light/assets/js/pages/ui/dialogs.js]
[nsdbytes.com/template/osam/assets/vendor/dropify/fonts/dropify.eot]
[nsdbytes.com/template/osam/assets/vendor/dropify/fonts/dropify.woff]
[nsdbytes.com/template/osam/assets/vendor/dropify/fonts/dropify.ttf]
[nsdbytes.com/template/osam/assets/vendor/dropify/css/dropify.min.css]
[nsdbytes.com/template/osam/assets/vendor/jquery-steps/jquery.steps.css]
[nsdbytes.com/template/osam/assets/vendor/dropify/fonts/dropify.svg]
[nsdbytes.com/template/osam/assets/vendor/dropify/js/dropify.js]
[nsdbytes.com/template/osam/assets/vendor/jquery-steps/jquery.steps.js]
[nsdbytes.com/template/osam/light/assets/js/pages/forms/dropify.js]
[nsdbytes.com/template/osam/light/assets/js/pages/forms/form-wizard.js]
[nsdbytes.com/template/osam/assets/vendor/nestable/jquery-nestable.css]
[nsdbytes.com/template/osam/assets/vendor/nestable/jquery.nestable.js]
[nsdbytes.com/template/osam/light/assets/js/pages/ui/sortable-nestable.js]
[nsdbytes.com/template/osam/assets/vendor/bootstrap-progressbar/css/bootstrap-progressbar-3.3.4.min.css]
[nsdbytes.com/template/osam/assets/vendor/bootstrap-progressbar/js/bootstrap-progressbar.min.js]
[nsdbytes.com/template/osam/assets/vendor/rangeslider/css/ion.rangeSlider.css]
[nsdbytes.com/template/osam/assets/vendor/rangeslider/img/sprite-skin-modern.png]
[nsdbytes.com/template/osam/assets/vendor/rangeslider/css/ion.rangeSlider.skinModern.css]
[nsdbytes.com/template/osam/assets/vendor/rangeslider/js/ion.rangeSlider.js]
[nsdbytes.com/template/osam/light/assets/js/pages/range-sliders.js]
[nsdbytes.com/template/osam/assets/vendor/bootstrap-multiselect/bootstrap-multiselect.css]
[nsdbytes.com/template/osam/assets/vendor/bootstrap-colorpicker/img/bootstrap-colorpicker/saturation.png]
[nsdbytes.com/template/osam/assets/vendor/bootstrap-colorpicker/img/bootstrap-colorpicker/hue.png]
[nsdbytes.com/template/osam/assets/vendor/bootstrap-colorpicker/img/bootstrap-colorpicker/alpha.png]
[nsdbytes.com/template/osam/assets/vendor/bootstrap-colorpicker/img/bootstrap-colorpicker/hue-horizontal.png]
[nsdbytes.com/template/osam/assets/vendor/bootstrap-colorpicker/img/bootstrap-colorpicker/alpha-horizontal.png]
[nsdbytes.com/template/osam/assets/vendor/bootstrap-colorpicker/css/bootstrap-colorpicker.css]
[nsdbytes.com/template/osam/assets/vendor/multi-select/img/switch.png]
[nsdbytes.com/template/osam/assets/vendor/multi-select/css/multi-select.css]
[nsdbytes.com/template/osam/assets/vendor/bootstrap-tagsinput/bootstrap-tagsinput.css]
[nsdbytes.com/template/osam/assets/vendor/nouislider/nouislider.min.css]
[nsdbytes.com/template/osam/assets/vendor/bootstrap-colorpicker/js/bootstrap-colorpicker.js]
[nsdbytes.com/template/osam/assets/vendor/jquery-inputmask/jquery.inputmask.bundle.js]
[nsdbytes.com/template/osam/assets/vendor/jquery.maskedinput/jquery.maskedinput.min.js]
[nsdbytes.com/template/osam/assets/vendor/multi-select/js/jquery.multi-select.js]
[nsdbytes.com/template/osam/assets/vendor/bootstrap-multiselect/bootstrap-multiselect.js]
[nsdbytes.com/template/osam/assets/vendor/bootstrap-tagsinput/bootstrap-tagsinput.js]
[nsdbytes.com/template/osam/assets/vendor/nouislider/nouislider.js]
[nsdbytes.com/template/osam/light/assets/js/pages/forms/advanced-form-elements.js]
[nsdbytes.com/template/osam/assets/vendor/parsleyjs/css/parsley.css]
[nsdbytes.com/template/osam/assets/vendor/parsleyjs/js/parsley.min.js]
[nsdbytes.com/template/osam/assets/vendor/jquery-validation/jquery.validate.js]
[nsdbytes.com/template/osam/assets/vendor/cropper/cropper.min.css]
[nsdbytes.com/template/osam/light/cropped.html]
[nsdbytes.com/template/osam/light/get]
[nsdbytes.com/template/osam/assets/vendor/cropper/cropper.min.js]
[nsdbytes.com/template/osam/assets/vendor/cropper/cropper-init.js]
[nsdbytes.com/template/osam/assets/vendor/summernote/dist/font/summernotef534.eot]
[nsdbytes.com/template/osam/assets/vendor/summernote/dist/font/summernoted41d.eot]
[nsdbytes.com/template/osam/assets/vendor/summernote/dist/font/summernotef534.woff]
[nsdbytes.com/template/osam/assets/vendor/summernote/dist/font/summernotef534.ttf]
[nsdbytes.com/template/osam/assets/vendor/summernote/dist/summernote.css]
[nsdbytes.com/template/osam/assets/vendor/summernote/dist/summernote.js]
[nsdbytes.com/template/osam/light/image/index.html]
[nsdbytes.com/template/osam/light/contents.css]
[nsdbytes.com/template/osam/light/adobeair/index.html]
[nsdbytes.com/template/osam/light/applewebkit/index.html]
[nsdbytes.com/template/osam/light/trident/index.html]
[nsdbytes.com/template/osam/light/plugins/index.html]
[nsdbytes.com/template/osam/light/styles.js]
[nsdbytes.com/template/osam/light/chrome/index.html]
[nsdbytes.com/template/osam/light/icons_hidpi.png]
[nsdbytes.com/template/osam/light/icons.png]
[nsdbytes.com/template/osam/assets/vendor/ckeditor/ckeditor.js]
[nsdbytes.com/template/osam/light/ckeditor]
[nsdbytes.com/template/osam/light/assets/js/pages/forms/editors.js]
[nsdbytes.com/template/osam/assets/vendor/bootstrap-markdown/bootstrap-markdown.min.css]
[nsdbytes.com/template/osam/assets/vendor/markdown/markdown.js]
[nsdbytes.com/template/osam/assets/vendor/to-markdown/to-markdown.js]
[nsdbytes.com/template/osam/assets/vendor/bootstrap-markdown/bootstrap-markdown.js]
[nsdbytes.com/template/osam/assets/vendor/jquery-datatable/dataTables.bootstrap4.min.css]
[nsdbytes.com/template/osam/assets/vendor/jquery-datatable/fixedeader/dataTables.fixedcolumns.bootstrap4.min.css]
[nsdbytes.com/template/osam/assets/vendor/jquery-datatable/fixedeader/dataTables.fixedheader.bootstrap4.min.css]
[nsdbytes.com/template/osam/assets/images/details_open.html]
[nsdbytes.com/template/osam/assets/images/details_close.html]
[nsdbytes.com/template/osam/light/assets/bundles/datatablescripts.bundle.js]
[nsdbytes.com/template/osam/assets/vendor/jquery-datatable/buttons/dataTables.buttons.min.js]
[nsdbytes.com/template/osam/assets/vendor/jquery-datatable/buttons/buttons.bootstrap4.min.js]
[nsdbytes.com/template/osam/assets/vendor/jquery-datatable/buttons/buttons.colVis.min.js]
[nsdbytes.com/template/osam/light/xl/worksheets/sheet1.xml]
[nsdbytes.com/template/osam/light/xl/workbook.xml]
[nsdbytes.com/template/osam/light/xl/styles.xml]
[nsdbytes.com/template/osam/light/[Content_Types].xml]
[nsdbytes.com/template/osam/light/buttons.pdf]
[nsdbytes.com/template/osam/assets/vendor/jquery-datatable/buttons/buttons.html5.min.js]
[nsdbytes.com/template/osam/assets/vendor/jquery-datatable/buttons/buttons.print.min.js]
[nsdbytes.com/template/osam/light/assets/js/pages/tables/jquery-datatable.js]
[nsdbytes.com/template/osam/assets/vendor/editable-table/mindmup-editabletable.js]
[nsdbytes.com/template/osam/light/assets/js/pages/tables/editable-table.js]
[nsdbytes.com/template/osam/light/assets/js/pages/tables/table-filter.js]
[nsdbytes.com/template/osam/assets/vendor/table-dragger/table-dragger.min.css]
[nsdbytes.com/template/osam/assets/vendor/table-dragger/table-dragger.min.js]
[nsdbytes.com/template/osam/light/assets/bundles/c3.bundle.js]
[nsdbytes.com/template/osam/light/assets/js/pages/charts/c3.js]
[nsdbytes.com/template/osam/assets/vendor/morrisjs/morris.css]
[nsdbytes.com/template/osam/light/assets/bundles/morrisscripts.bundle.js]
[nsdbytes.com/template/osam/light/assets/js/pages/charts/morris.js]
[nsdbytes.com/template/osam/light/assets/bundles/flotscripts.bundle.js]
[nsdbytes.com/template/osam/assets/vendor/flot-charts/jquery.flot.time.js]
[nsdbytes.com/template/osam/assets/vendor/flot-charts/jquery.flot.selection.js]
[nsdbytes.com/template/osam/light/assets/js/pages/charts/flot.js]
[nsdbytes.com/template/osam/assets/vendor/chartist/css/chartist.min.css]
[nsdbytes.com/template/osam/light/assets/bundles/chartist.bundle.js]
[nsdbytes.com/template/osam/light/assets/js/pages/charts/chartjs.js]
[nsdbytes.com/template/osam/assets/vendor/jquery-knob/jquery.knob.min.js]
[nsdbytes.com/template/osam/light/assets/js/pages/charts/jquery-knob.js]
[nsdbytes.com/template/osam/assets/vendor/jquery-sparkline/js/jquery.sparkline.min.js]
[nsdbytes.com/template/osam/light/assets/js/pages/charts/sparkline.js]
[nsdbytes.com/template/osam/light/assets/bundles/knob.bundle.js]
[nsdbytes.com/template/osam/light/assets/js/pages/widgets.js]
[nsdbytes.com/template/osam/light/page-invoices-detail.html]
[nsdbytes.com/template/osam/light/assets/js/pages/tables/invoice.js]
[nsdbytes.com/template/osam/assets/vendor/light-gallery/fonts/lgd641.eot]
[nsdbytes.com/template/osam/assets/vendor/light-gallery/fonts/lgd41d.eot]
[nsdbytes.com/template/osam/assets/vendor/light-gallery/fonts/lgd641.woff]
[nsdbytes.com/template/osam/assets/vendor/light-gallery/fonts/lgd641.ttf]
[nsdbytes.com/template/osam/assets/vendor/light-gallery/fonts/lgd641.svg]
[nsdbytes.com/template/osam/assets/vendor/light-gallery/img/vimeo-play.png]
[nsdbytes.com/template/osam/assets/vendor/light-gallery/img/video-play.png]
[nsdbytes.com/template/osam/assets/vendor/light-gallery/img/youtube-play.png]
[nsdbytes.com/template/osam/assets/vendor/light-gallery/img/loading.gif]
[nsdbytes.com/template/osam/assets/vendor/light-gallery/css/lightgallery.css]
[nsdbytes.com/template/osam/assets/vendor/light-gallery/js/lightgallery-all.min.js]
[nsdbytes.com/template/osam/assets/vendor/light-gallery/js/mousewheel.min.js]
[nsdbytes.com/template/osam/light/assets/js/pages/medias/image-gallery.js]
[nsdbytes.com/template/osam/assets/vendor/jvectormap/jquery-jvectormap-world-mill-en.js]
[nsdbytes.com/template/osam/assets/vendor/jvectormap/jquery-jvectormap-in-mill.js]
[nsdbytes.com/template/osam/assets/vendor/jvectormap/jquery-jvectormap-us-aea-en.js]
[nsdbytes.com/template/osam/assets/vendor/jvectormap/jquery-jvectormap-uk-mill-en.js]
[nsdbytes.com/template/osam/assets/vendor/jvectormap/jquery-jvectormap-au-mill.js]
[nsdbytes.com/template/osam/light/assets/js/pages/maps/jvectormap.js]
[nsdbytes.com/template/osam/light/GET.html]
[nsdbytes.com/template/osam/light/Error pJS - No image.html]
[nsdbytes.com/template/osam/assets/images/logo.html]
[nsdbytes.com/template/osam/dark/assets/fonts/simple-Line-Icons.svg]
[nsdbytes.com/template/osam/dark/assets/fonts/weathericons-regular-webfont.svg]
[nsdbytes.com/template/osam/dark/app-compose.html]
[nsdbytes.com/template/osam/dark/app-inbox-detail.html]
[nsdbytes.com/template/osam/dark/assets/bundles/fullcalendarscripts.bundle.js]
[nsdbytes.com/template/osam/dark/assets/js/pages/calendar.js]
[nsdbytes.com/template/osam/dark/page-invoices-detail.html]
[nsdbytes.com/template/osam/dark/assets/bundles/datatablescripts.bundle.js]
[nsdbytes.com/template/osam/dark/assets/js/pages/tables/invoice.js]
[nsdbytes.com/template/osam/dark/assets/css/demo.css]
[nsdbytes.com/template/osam/dark/assets/js/pages/ui/dialogs.js]
[nsdbytes.com/template/osam/dark/assets/js/pages/forms/dropify.js]
[nsdbytes.com/template/osam/dark/assets/js/pages/forms/form-wizard.js]
[nsdbytes.com/template/osam/dark/assets/js/pages/ui/sortable-nestable.js]
[nsdbytes.com/template/osam/dark/assets/js/pages/range-sliders.js]
[nsdbytes.com/template/osam/dark/assets/js/pages/forms/advanced-form-elements.js]
[nsdbytes.com/template/osam/dark/cropped.html]
[nsdbytes.com/template/osam/dark/ckeditor]
[nsdbytes.com/template/osam/dark/assets/js/pages/forms/editors.js]
[nsdbytes.com/template/osam/dark/assets/js/pages/tables/jquery-datatable.js]
[nsdbytes.com/template/osam/dark/assets/js/pages/tables/editable-table.js]
[nsdbytes.com/template/osam/dark/assets/js/pages/tables/table-filter.js]
[nsdbytes.com/template/osam/dark/assets/js/pages/charts/c3.js]
[nsdbytes.com/template/osam/dark/assets/bundles/morrisscripts.bundle.js]
[nsdbytes.com/template/osam/dark/assets/js/pages/charts/morris.js]
[nsdbytes.com/template/osam/dark/assets/bundles/flotscripts.bundle.js]
[nsdbytes.com/template/osam/dark/assets/js/pages/charts/flot.js]
[nsdbytes.com/template/osam/dark/assets/js/pages/charts/chartjs.js]
[nsdbytes.com/template/osam/dark/assets/js/pages/charts/jquery-knob.js]
[nsdbytes.com/template/osam/dark/assets/js/pages/charts/sparkline.js]
[nsdbytes.com/template/osam/dark/assets/js/pages/widgets.js]
[nsdbytes.com/template/osam/dark/assets/bundles/lightgallery.bundle.js]
[nsdbytes.com/template/osam/dark/assets/js/pages/medias/image-gallery.js]
[nsdbytes.com/template/osam/dark/assets/bundles/jvectormap.bundle.js]
[nsdbytes.com/template/osam/dark/assets/js/pages/maps/jvectormap.js]
[nsdbytes.com/template/osam/dark/GET.html]
[nsdbytes.com/template/osam/dark/Error pJS - No image.html]
[nsdbytes.com/template/osam/fluid/assets/fonts/simple-Line-Icons.svg]
[nsdbytes.com/template/osam/fluid/assets/fonts/weathericons-regular-webfont.svg]
[nsdbytes.com/template/osam/fluid/app-compose.html]
[nsdbytes.com/template/osam/fluid/app-inbox-detail.html]
[nsdbytes.com/template/osam/fluid/assets/bundles/fullcalendarscripts.bundle.js]
[nsdbytes.com/template/osam/fluid/assets/js/pages/calendar.js]
[nsdbytes.com/template/osam/fluid/page-invoices-detail.html]
[nsdbytes.com/template/osam/fluid/assets/bundles/datatablescripts.bundle.js]
[nsdbytes.com/template/osam/fluid/assets/js/pages/tables/invoice.js]
[nsdbytes.com/template/osam/fluid/assets/css/demo.css]
[nsdbytes.com/template/osam/fluid/assets/js/pages/ui/dialogs.js]
[nsdbytes.com/template/osam/fluid/assets/js/pages/forms/dropify.js]
[nsdbytes.com/template/osam/fluid/assets/js/pages/forms/form-wizard.js]
[nsdbytes.com/template/osam/fluid/assets/js/pages/ui/sortable-nestable.js]
[nsdbytes.com/template/osam/fluid/assets/js/pages/range-sliders.js]
[nsdbytes.com/template/osam/fluid/assets/js/pages/forms/advanced-form-elements.js]
[nsdbytes.com/template/osam/fluid/cropped.html]
[nsdbytes.com/template/osam/fluid/ckeditor]
[nsdbytes.com/template/osam/fluid/assets/js/pages/forms/editors.js]
[nsdbytes.com/template/osam/fluid/assets/js/pages/tables/jquery-datatable.js]
[nsdbytes.com/template/osam/fluid/assets/js/pages/tables/editable-table.js]
[nsdbytes.com/template/osam/fluid/assets/js/pages/tables/table-filter.js]
[nsdbytes.com/template/osam/fluid/assets/js/pages/charts/c3.js]
[nsdbytes.com/template/osam/fluid/assets/bundles/morrisscripts.bundle.js]
[nsdbytes.com/template/osam/fluid/assets/js/pages/charts/morris.js]
[nsdbytes.com/template/osam/fluid/assets/bundles/flotscripts.bundle.js]
[nsdbytes.com/template/osam/fluid/assets/js/pages/charts/flot.js]
[nsdbytes.com/template/osam/fluid/assets/js/pages/charts/chartjs.js]
[nsdbytes.com/template/osam/fluid/assets/js/pages/charts/jquery-knob.js]
[nsdbytes.com/template/osam/fluid/assets/js/pages/charts/sparkline.js]
[nsdbytes.com/template/osam/fluid/assets/js/pages/widgets.js]
[nsdbytes.com/template/osam/fluid/assets/bundles/lightgallery.bundle.js]
[nsdbytes.com/template/osam/fluid/assets/js/pages/medias/image-gallery.js]
[nsdbytes.com/template/osam/fluid/assets/js/pages/maps/jvectormap.js]
[nsdbytes.com/template/osam/fluid/GET.html]
[nsdbytes.com/template/osam/fluid/Error pJS - No image.html]
[nsdbytes.com/template/osam/hmenu/assets/fonts/simple-Line-Icons.svg]
[nsdbytes.com/template/osam/hmenu/assets/fonts/weathericons-regular-webfont.svg]
[nsdbytes.com/template/osam/hmenu/app-compose.html]
[nsdbytes.com/template/osam/hmenu/app-inbox-detail.html]
[nsdbytes.com/template/osam/hmenu/assets/bundles/fullcalendarscripts.bundle.js]
[nsdbytes.com/template/osam/hmenu/assets/bundles/knob.bundle.js]
[nsdbytes.com/template/osam/hmenu/assets/js/pages/calendar.js]
[nsdbytes.com/template/osam/hmenu/assets/bundles/datatablescripts.bundle.js]
[nsdbytes.com/template/osam/hmenu/assets/js/pages/tables/invoice.js]
[nsdbytes.com/template/osam/hmenu/assets/css/demo.css]
[nsdbytes.com/template/osam/hmenu/assets/js/pages/ui/dialogs.js]
[nsdbytes.com/template/osam/hmenu/assets/js/pages/forms/dropify.js]
[nsdbytes.com/template/osam/hmenu/assets/js/pages/forms/form-wizard.js]
[nsdbytes.com/template/osam/hmenu/assets/js/pages/ui/sortable-nestable.js]
[nsdbytes.com/template/osam/hmenu/assets/js/pages/range-sliders.js]
[nsdbytes.com/template/osam/hmenu/assets/js/pages/forms/advanced-form-elements.js]
[nsdbytes.com/template/osam/hmenu/cropped.html]
[nsdbytes.com/template/osam/hmenu/ckeditor]
[nsdbytes.com/template/osam/hmenu/assets/js/pages/forms/editors.js]
[nsdbytes.com/template/osam/hmenu/assets/js/pages/tables/jquery-datatable.js]
[nsdbytes.com/template/osam/hmenu/assets/js/pages/tables/editable-table.js]
[nsdbytes.com/template/osam/hmenu/assets/js/pages/tables/table-filter.js]
[nsdbytes.com/template/osam/hmenu/assets/js/pages/charts/c3.js]
[nsdbytes.com/template/osam/hmenu/assets/bundles/morrisscripts.bundle.js]
[nsdbytes.com/template/osam/hmenu/assets/js/pages/charts/morris.js]
[nsdbytes.com/template/osam/hmenu/assets/bundles/flotscripts.bundle.js]
[nsdbytes.com/template/osam/hmenu/assets/js/pages/charts/flot.js]
[nsdbytes.com/template/osam/hmenu/assets/js/pages/charts/chartjs.js]
[nsdbytes.com/template/osam/hmenu/assets/js/pages/charts/jquery-knob.js]
[nsdbytes.com/template/osam/hmenu/assets/js/pages/charts/sparkline.js]
[nsdbytes.com/template/osam/hmenu/assets/js/pages/widgets.js]
[nsdbytes.com/template/osam/hmenu/assets/bundles/lightgallery.bundle.js]
[nsdbytes.com/template/osam/hmenu/assets/js/pages/medias/image-gallery.js]
[nsdbytes.com/template/osam/hmenu/assets/bundles/jvectormap.bundle.js]
[nsdbytes.com/template/osam/hmenu/assets/js/pages/maps/jvectormap.js]
[nsdbytes.com/template/osam/hmenu/GET.html]
[nsdbytes.com/template/osam/hmenu/Error pJS - No image.html]
[nsdbytes.com/template/osam/landing/assets/css/owl.video.play.html]
[nsdbytes.com/template/osam/landing/GET.html]
[nsdbytes.com/template/osam/landing/Error pJS - No image.html]
[nsdbytes.com/template/osam/assets/vendor/dropify/fonts/dropify.svg]
[nsdbytes.com/template/osam/light/get-2.html]
[nsdbytes.com/template/osam/light/image/index.html]
[nsdbytes.com/template/osam/light/trident/index.html]
[nsdbytes.com/template/osam/light/applewebkit/index.html]
[nsdbytes.com/template/osam/light/adobeair/index.html]
[nsdbytes.com/template/osam/light/contents.html]
[nsdbytes.com/template/osam/light/plugins/index.html]
[nsdbytes.com/template/osam/light/styles.html]
[nsdbytes.com/template/osam/light/chrome/index.html]
[nsdbytes.com/template/osam/light/icons_hidpi.html]
[nsdbytes.com/template/osam/light/icons.html]
[nsdbytes.com/template/osam/light/ckeditor.html]
[nsdbytes.com/template/osam/light/xl/worksheets/sheet1.html]
[nsdbytes.com/template/osam/light/xl/workbook.html]
[nsdbytes.com/template/osam/light/xl/styles.html]
[nsdbytes.com/template/osam/light/[Content_Types].html]
[nsdbytes.com/template/osam/light/buttons.html]
[nsdbytes.com/template/osam/assets/vendor/light-gallery/fonts/lgd641.svg]
[nsdbytes.com/template/osam/dark/ckeditor.html]
[nsdbytes.com/template/osam/fluid/ckeditor.html]
[nsdbytes.com/template/osam/hmenu/ckeditor.html]
[nsdbytes.com/template/osam/landing/assets/fonts/LineIconsa7fb.svg]
[nsdbytes.com/template/osam/landing/assets/fonts/LineIconsa7fb.svg]
